2026-10-05 12:31:13.692 [main] INFO  Main - Introduce la ruta: 
2026-10-05 12:31:27.102 [main] INFO  Main - Entrando en la ruta.
2026-10-05 12:31:43.909 [main] INFO  Main - Introduce la ruta: 
2026-10-05 12:31:46.341 [main] INFO  Main - Entrando en la ruta.
2026-10-05 12:35:23.811 [main] INFO  Main - Introduce la ruta: 
2026-10-05 12:35:26.149 [main] INFO  Main - Entrando en la ruta.
2026-10-05 12:36:19.788 [main] INFO  Main - Introduce la ruta: 
2026-10-05 12:36:21.613 [main] INFO  Main - Entrando en la ruta.
2026-10-05 12:36:34.266 [main] INFO  Main - Introduce la ruta: 
2026-10-05 12:36:36.413 [main] INFO  Main - Entrando en la ruta.
2026-10-05 12:36:36.413 [main] INFO  Main - Archivo: C:\Users\alumno\Desktop\Modulos\2ºDAM\ProgSerProc\.git\COMMIT_EDITMSG
2026-10-05 12:36:36.414 [main] INFO  Main - Archivo: C:\Users\alumno\Desktop\Modulos\2ºDAM\ProgSerProc\.git\config
2026-10-05 12:36:36.414 [main] INFO  Main - Archivo: C:\Users\alumno\Desktop\Modulos\2ºDAM\ProgSerProc\.git\description
2026-10-05 12:36:36.414 [main] INFO  Main - Archivo: C:\Users\alumno\Desktop\Modulos\2ºDAM\ProgSerProc\.git\FETCH_HEAD
2026-10-05 12:36:36.414 [main] INFO  Main - Archivo: C:\Users\alumno\Desktop\Modulos\2ºDAM\ProgSerProc\.git\HEAD
2026-10-05 12:36:36.414 [main] INFO  Main - Archivo: C:\Users\alumno\Desktop\Modulos\2ºDAM\ProgSerProc\.git\hooks\applypatch-msg.sample
2026-10-05 12:36:36.415 [main] INFO  Main - Archivo: C:\Users\alumno\Desktop\Modulos\2ºDAM\ProgSerProc\.git\hooks\commit-msg.sample
2026-10-05 12:36:36.415 [main] INFO  Main - Archivo: C:\Users\alumno\Desktop\Modulos\2ºDAM\ProgSerProc\.git\hooks\fsmonitor-watchman.sample
2026-10-05 12:36:36.415 [main] INFO  Main - Archivo: C:\Users\alumno\Desktop\Modulos\2ºDAM\ProgSerProc\.git\hooks\post-update.sample
2026-10-05 12:36:36.415 [main] INFO  Main - Archivo: C:\Users\alumno\Desktop\Modulos\2ºDAM\ProgSerProc\.git\hooks\pre-applypatch.sample
2026-10-05 12:36:36.415 [main] INFO  Main - Archivo: C:\Users\alumno\Desktop\Modulos\2ºDAM\ProgSerProc\.git\hooks\pre-commit.sample
2026-10-05 12:36:36.415 [main] INFO  Main - Archivo: C:\Users\alumno\Desktop\Modulos\2ºDAM\ProgSerProc\.git\hooks\pre-merge-commit.sample
2026-10-05 12:36:36.416 [main] INFO  Main - Archivo: C:\Users\alumno\Desktop\Modulos\2ºDAM\ProgSerProc\.git\hooks\pre-push.sample
2026-10-05 12:36:36.416 [main] INFO  Main - Archivo: C:\Users\alumno\Desktop\Modulos\2ºDAM\ProgSerProc\.git\hooks\pre-rebase.sample
2026-10-05 12:36:36.416 [main] INFO  Main - Archivo: C:\Users\alumno\Desktop\Modulos\2ºDAM\ProgSerProc\.git\hooks\pre-receive.sample
2026-10-05 12:36:36.416 [main] INFO  Main - Archivo: C:\Users\alumno\Desktop\Modulos\2ºDAM\ProgSerProc\.git\hooks\prepare-commit-msg.sample
2026-10-05 12:36:36.416 [main] INFO  Main - Archivo: C:\Users\alumno\Desktop\Modulos\2ºDAM\ProgSerProc\.git\hooks\push-to-checkout.sample
2026-10-05 12:36:36.416 [main] INFO  Main - Archivo: C:\Users\alumno\Desktop\Modulos\2ºDAM\ProgSerProc\.git\hooks\sendemail-validate.sample
2026-10-05 12:36:36.417 [main] INFO  Main - Archivo: C:\Users\alumno\Desktop\Modulos\2ºDAM\ProgSerProc\.git\hooks\update.sample
2026-10-05 12:36:36.417 [main] INFO  Main - Archivo: C:\Users\alumno\Desktop\Modulos\2ºDAM\ProgSerProc\.git\index
2026-10-05 12:36:36.417 [main] INFO  Main - Archivo: C:\Users\alumno\Desktop\Modulos\2ºDAM\ProgSerProc\.git\info\exclude
2026-10-05 12:36:36.417 [main] INFO  Main - Archivo: C:\Users\alumno\Desktop\Modulos\2ºDAM\ProgSerProc\.git\logs\HEAD
2026-10-05 12:36:36.417 [main] INFO  Main - Archivo: C:\Users\alumno\Desktop\Modulos\2ºDAM\ProgSerProc\.git\logs\refs\heads\main
2026-10-05 12:36:36.418 [main] INFO  Main - Archivo: C:\Users\alumno\Desktop\Modulos\2ºDAM\ProgSerProc\.git\logs\refs\remotes\origin\HEAD
2026-10-05 12:36:36.418 [main] INFO  Main - Archivo: C:\Users\alumno\Desktop\Modulos\2ºDAM\ProgSerProc\.git\logs\refs\remotes\origin\main
2026-10-05 12:36:36.418 [main] INFO  Main - Archivo: C:\Users\alumno\Desktop\Modulos\2ºDAM\ProgSerProc\.git\objects\00\485b8011e022a962f2ce363a1e4fecd251a7a2
2026-10-05 12:36:36.418 [main] INFO  Main - Archivo: C:\Users\alumno\Desktop\Modulos\2ºDAM\ProgSerProc\.git\objects\01\414add3cedee34a0410990e9bbfb734e1d210c
2026-10-05 12:36:36.418 [main] INFO  Main - Archivo: C:\Users\alumno\Desktop\Modulos\2ºDAM\ProgSerProc\.git\objects\04\b011a4ed89ec609fcdb20b385d7e425cface77
2026-10-05 12:36:36.420 [main] INFO  Main - Archivo: C:\Users\alumno\Desktop\Modulos\2ºDAM\ProgSerProc\.git\objects\08\6734d8e761e5546814ac818dc8f12e1d440e85
2026-10-05 12:36:36.420 [main] INFO  Main - Archivo: C:\Users\alumno\Desktop\Modulos\2ºDAM\ProgSerProc\.git\objects\08\a2582089d9eb8c1c7fa592d65d81ad4f3603e3
2026-10-05 12:36:36.420 [main] INFO  Main - Archivo: C:\Users\alumno\Desktop\Modulos\2ºDAM\ProgSerProc\.git\objects\0a\e553251227ef511da19a5b3918669b0081452b
2026-10-05 12:36:36.420 [main] INFO  Main - Archivo: C:\Users\alumno\Desktop\Modulos\2ºDAM\ProgSerProc\.git\objects\0b\455fa2dc962d55425e88dc937a11569787e72a
2026-10-05 12:36:36.421 [main] INFO  Main - Archivo: C:\Users\alumno\Desktop\Modulos\2ºDAM\ProgSerProc\.git\objects\0c\01205469db4bafa74cac99e4ad33fcafc41996
2026-10-05 12:36:36.421 [main] INFO  Main - Archivo: C:\Users\alumno\Desktop\Modulos\2ºDAM\ProgSerProc\.git\objects\0d\f8f15bd201cfbefd3e2945598ad0be47177a9b
2026-10-05 12:36:36.421 [main] INFO  Main - Archivo: C:\Users\alumno\Desktop\Modulos\2ºDAM\ProgSerProc\.git\objects\0f\d812cf2838c59cf79fa4bc35e2b49df5e300a6
2026-10-05 12:36:36.421 [main] INFO  Main - Archivo: C:\Users\alumno\Desktop\Modulos\2ºDAM\ProgSerProc\.git\objects\10\5381f74f7ed5aa0a7817a9e8ea6aca08b6762a
2026-10-05 12:36:36.421 [main] INFO  Main - Archivo: C:\Users\alumno\Desktop\Modulos\2ºDAM\ProgSerProc\.git\objects\10\c044b623969514b87b7748125616941f0a8498
2026-10-05 12:36:36.422 [main] INFO  Main - Archivo: C:\Users\alumno\Desktop\Modulos\2ºDAM\ProgSerProc\.git\objects\11\fc9d8af5dca06ddffff06bc50cb6dce0961b14
2026-10-05 12:36:36.422 [main] INFO  Main - Archivo: C:\Users\alumno\Desktop\Modulos\2ºDAM\ProgSerProc\.git\objects\15\4d457efaffe50215e1a452e913f731cf3c068f
2026-10-05 12:36:36.422 [main] INFO  Main - Archivo: C:\Users\alumno\Desktop\Modulos\2ºDAM\ProgSerProc\.git\objects\17\c94d4393461fcafe0e2d70183ae4177d26c812
2026-10-05 12:36:36.422 [main] INFO  Main - Archivo: C:\Users\alumno\Desktop\Modulos\2ºDAM\ProgSerProc\.git\objects\19\5165415b4842d82fc9bb140113a4101e4fdffc
2026-10-05 12:36:36.422 [main] INFO  Main - Archivo: C:\Users\alumno\Desktop\Modulos\2ºDAM\ProgSerProc\.git\objects\1b\554883f62bbd5cc925d40fade1fca2daa8bdc4
2026-10-05 12:36:36.423 [main] INFO  Main - Archivo: C:\Users\alumno\Desktop\Modulos\2ºDAM\ProgSerProc\.git\objects\1e\9938b0685512df52e0e53aae036c4d41086a03
2026-10-05 12:36:36.423 [main] INFO  Main - Archivo: C:\Users\alumno\Desktop\Modulos\2ºDAM\ProgSerProc\.git\objects\1f\9af39ec9864e443022e1737177b8e78f7548b7
2026-10-05 12:36:36.423 [main] INFO  Main - Archivo: C:\Users\alumno\Desktop\Modulos\2ºDAM\ProgSerProc\.git\objects\22\ec5927430f5f9fb8c828202a4781ab83a55392
2026-10-05 12:36:36.423 [main] INFO  Main - Archivo: C:\Users\alumno\Desktop\Modulos\2ºDAM\ProgSerProc\.git\objects\23\562240708393475767a178f188638e4e823045
2026-10-05 12:36:36.424 [main] INFO  Main - Archivo: C:\Users\alumno\Desktop\Modulos\2ºDAM\ProgSerProc\.git\objects\24\8b66b814e994a5cea4305d790216d17d3081ef
2026-10-05 12:36:36.424 [main] INFO  Main - Archivo: C:\Users\alumno\Desktop\Modulos\2ºDAM\ProgSerProc\.git\objects\25\697195f17ef90eb370a26fa5e95bccf4de7641
2026-10-05 12:36:36.424 [main] INFO  Main - Archivo: C:\Users\alumno\Desktop\Modulos\2ºDAM\ProgSerProc\.git\objects\2a\fd77a7cd5675dd4b4c7e0baabe4816299e885d
2026-10-05 12:36:36.424 [main] INFO  Main - Archivo: C:\Users\alumno\Desktop\Modulos\2ºDAM\ProgSerProc\.git\objects\2d\3518422673361bd2df5e7a6c6b6debf2310653
2026-10-05 12:36:36.424 [main] INFO  Main - Archivo: C:\Users\alumno\Desktop\Modulos\2ºDAM\ProgSerProc\.git\objects\2e\30533cae227dd5154440ef4e9964252e251833
2026-10-05 12:36:36.425 [main] INFO  Main - Archivo: C:\Users\alumno\Desktop\Modulos\2ºDAM\ProgSerProc\.git\objects\2e\3e0fd5ba9a0245ac8c654ef2ac8bd6aa8e7e9f
2026-10-05 12:36:36.425 [main] INFO  Main - Archivo: C:\Users\alumno\Desktop\Modulos\2ºDAM\ProgSerProc\.git\objects\2e\a9c131e8dcd347d82c9f5bacc54e60e9c5bf4b
2026-10-05 12:36:36.425 [main] INFO  Main - Archivo: C:\Users\alumno\Desktop\Modulos\2ºDAM\ProgSerProc\.git\objects\2f\5463a1fd20f4d0f29f18ff07f2eda0bcf4639d
2026-10-05 12:36:36.425 [main] INFO  Main - Archivo: C:\Users\alumno\Desktop\Modulos\2ºDAM\ProgSerProc\.git\objects\2f\6c29f83e5504d0ef825ebc0d2376856a3d4130
2026-10-05 12:36:36.426 [main] INFO  Main - Archivo: C:\Users\alumno\Desktop\Modulos\2ºDAM\ProgSerProc\.git\objects\2f\89ee20167279205b0b1df7e5e03664a2984e36
2026-10-05 12:36:36.426 [main] INFO  Main - Archivo: C:\Users\alumno\Desktop\Modulos\2ºDAM\ProgSerProc\.git\objects\30\eb93ecea4a5fc5d3d827bab9773b9cea788ddd
2026-10-05 12:36:36.426 [main] INFO  Main - Archivo: C:\Users\alumno\Desktop\Modulos\2ºDAM\ProgSerProc\.git\objects\34\48bfcbab0ab2ccaaaec6cf539b67e2c861157c
2026-10-05 12:36:36.426 [main] INFO  Main - Archivo: C:\Users\alumno\Desktop\Modulos\2ºDAM\ProgSerProc\.git\objects\38\97ab73f7fa73712d9a7881930a402d3a2f002d
2026-10-05 12:36:36.426 [main] INFO  Main - Archivo: C:\Users\alumno\Desktop\Modulos\2ºDAM\ProgSerProc\.git\objects\3e\a99b0767a84ab11540510d731b6ab9cf53fda7
2026-10-05 12:36:36.427 [main] INFO  Main - Archivo: C:\Users\alumno\Desktop\Modulos\2ºDAM\ProgSerProc\.git\objects\3f\02e4d0e57597876eac69615394efa06b30bdff
2026-10-05 12:36:36.427 [main] INFO  Main - Archivo: C:\Users\alumno\Desktop\Modulos\2ºDAM\ProgSerProc\.git\objects\41\220dba46086a1ca82ca733ad125d31ca149743
2026-10-05 12:36:36.427 [main] INFO  Main - Archivo: C:\Users\alumno\Desktop\Modulos\2ºDAM\ProgSerProc\.git\objects\41\3109d13a3f707823f783263f6b28f7c48becb7
2026-10-05 12:36:36.427 [main] INFO  Main - Archivo: C:\Users\alumno\Desktop\Modulos\2ºDAM\ProgSerProc\.git\objects\42\05ed9ee82be41ed17c8422382662e4ff6b12aa
2026-10-05 12:36:36.428 [main] INFO  Main - Archivo: C:\Users\alumno\Desktop\Modulos\2ºDAM\ProgSerProc\.git\objects\45\9ad62235de13eb6f3c0669b211556448f6606b
2026-10-05 12:36:36.428 [main] INFO  Main - Archivo: C:\Users\alumno\Desktop\Modulos\2ºDAM\ProgSerProc\.git\objects\48\79f4cc26721edbacfcbf9870d4542a8d5a454f
2026-10-05 12:36:36.428 [main] INFO  Main - Archivo: C:\Users\alumno\Desktop\Modulos\2ºDAM\ProgSerProc\.git\objects\4b\bfc9578735458ec5cb369a20c66b0a845a65c3
2026-10-05 12:36:36.428 [main] INFO  Main - Archivo: C:\Users\alumno\Desktop\Modulos\2ºDAM\ProgSerProc\.git\objects\4f\0b1f9940b4e5491cbd98bb483bbdb6af142d8a
2026-10-05 12:36:36.428 [main] INFO  Main - Archivo: C:\Users\alumno\Desktop\Modulos\2ºDAM\ProgSerProc\.git\objects\4f\8e39b5736d6a4ed345d2f533ff0c1718775f65
2026-10-05 12:36:36.428 [main] INFO  Main - Archivo: C:\Users\alumno\Desktop\Modulos\2ºDAM\ProgSerProc\.git\objects\51\5f318896bb03a42fac471b9a321bfd1151b2a0
2026-10-05 12:36:36.429 [main] INFO  Main - Archivo: C:\Users\alumno\Desktop\Modulos\2ºDAM\ProgSerProc\.git\objects\56\2d3571855a237f2c8ff97a206f13dc1743b2fc
2026-10-05 12:36:36.429 [main] INFO  Main - Archivo: C:\Users\alumno\Desktop\Modulos\2ºDAM\ProgSerProc\.git\objects\59\58615e09fc7d9a73de4ccddecbb7c6f422ef94
2026-10-05 12:36:36.429 [main] INFO  Main - Archivo: C:\Users\alumno\Desktop\Modulos\2ºDAM\ProgSerProc\.git\objects\59\90406b6d00ea511b5d5ca6116393a0eb283f8c
2026-10-05 12:36:36.429 [main] INFO  Main - Archivo: C:\Users\alumno\Desktop\Modulos\2ºDAM\ProgSerProc\.git\objects\5a\e8433f119c9498797bef516be60cede4c70561
2026-10-05 12:36:36.429 [main] INFO  Main - Archivo: C:\Users\alumno\Desktop\Modulos\2ºDAM\ProgSerProc\.git\objects\5b\2c51f28909aa52b61f8c810b36e0f1cdd6ff83
2026-10-05 12:36:36.429 [main] INFO  Main - Archivo: C:\Users\alumno\Desktop\Modulos\2ºDAM\ProgSerProc\.git\objects\5c\51fc52740eb1445ae79b01ebd53f9550a81fbe
2026-10-05 12:36:36.429 [main] INFO  Main - Archivo: C:\Users\alumno\Desktop\Modulos\2ºDAM\ProgSerProc\.git\objects\62\7e33cb47ba89471ce048fd2959324fc1b159c7
2026-10-05 12:36:36.431 [main] INFO  Main - Archivo: C:\Users\alumno\Desktop\Modulos\2ºDAM\ProgSerProc\.git\objects\63\011f51c4e1f664ef5a2ab69c640e81e448f699
2026-10-05 12:36:36.431 [main] INFO  Main - Archivo: C:\Users\alumno\Desktop\Modulos\2ºDAM\ProgSerProc\.git\objects\67\93a89c92efc2d1b4d69427de68b56183a9ea4c
2026-10-05 12:36:36.431 [main] INFO  Main - Archivo: C:\Users\alumno\Desktop\Modulos\2ºDAM\ProgSerProc\.git\objects\69\ac062fdb907f6fcdf5dc2cb972e69980abe89c
2026-10-05 12:36:36.431 [main] INFO  Main - Archivo: C:\Users\alumno\Desktop\Modulos\2ºDAM\ProgSerProc\.git\objects\6e\c898855987fd584452cd9b464605a73348867c
2026-10-05 12:36:36.431 [main] INFO  Main - Archivo: C:\Users\alumno\Desktop\Modulos\2ºDAM\ProgSerProc\.git\objects\72\0a61c0d541e878b23f6e065321420e29cd4809
2026-10-05 12:36:36.432 [main] INFO  Main - Archivo: C:\Users\alumno\Desktop\Modulos\2ºDAM\ProgSerProc\.git\objects\72\a21951ddd711aae953fa948c99b6d1be38d6a3
2026-10-05 12:36:36.432 [main] INFO  Main - Archivo: C:\Users\alumno\Desktop\Modulos\2ºDAM\ProgSerProc\.git\objects\72\b6fd42f5936e619b1ca192e63793b523e66fdc
2026-10-05 12:36:36.432 [main] INFO  Main - Archivo: C:\Users\alumno\Desktop\Modulos\2ºDAM\ProgSerProc\.git\objects\74\b8b53cf93354900fa4f2879d8ba6740c4578f0
2026-10-05 12:36:36.432 [main] INFO  Main - Archivo: C:\Users\alumno\Desktop\Modulos\2ºDAM\ProgSerProc\.git\objects\77\21624d17d38537a826ad53e20f78505f0cacb7
2026-10-05 12:36:36.432 [main] INFO  Main - Archivo: C:\Users\alumno\Desktop\Modulos\2ºDAM\ProgSerProc\.git\objects\77\3d35755723cbc8c0290a4793948d3e1b9de5f4
2026-10-05 12:36:36.432 [main] INFO  Main - Archivo: C:\Users\alumno\Desktop\Modulos\2ºDAM\ProgSerProc\.git\objects\77\ab3340700018504d50cab7c25a6fc1725716bf
2026-10-05 12:36:36.432 [main] INFO  Main - Archivo: C:\Users\alumno\Desktop\Modulos\2ºDAM\ProgSerProc\.git\objects\7a\9e9cfa326ddd79e04a8586c82cfe8366818643
2026-10-05 12:36:36.433 [main] INFO  Main - Archivo: C:\Users\alumno\Desktop\Modulos\2ºDAM\ProgSerProc\.git\objects\86\2c26b8181e712e08adbd90f49469ea858d37ff
2026-10-05 12:36:36.433 [main] INFO  Main - Archivo: C:\Users\alumno\Desktop\Modulos\2ºDAM\ProgSerProc\.git\objects\87\8a9644141e6b239a9670de62767792d58a8760
2026-10-05 12:36:36.433 [main] INFO  Main - Archivo: C:\Users\alumno\Desktop\Modulos\2ºDAM\ProgSerProc\.git\objects\87\fc595e755b1bab628dc7ac98e86c3385be40a6
2026-10-05 12:36:36.433 [main] INFO  Main - Archivo: C:\Users\alumno\Desktop\Modulos\2ºDAM\ProgSerProc\.git\objects\8e\d8818c83e341cc6454351af6fa6162d5e740b8
2026-10-05 12:36:36.433 [main] INFO  Main - Archivo: C:\Users\alumno\Desktop\Modulos\2ºDAM\ProgSerProc\.git\objects\8e\e5ef99cbf1b4cbf3291d279c1fa18f62953dfe
2026-10-05 12:36:36.434 [main] INFO  Main - Archivo: C:\Users\alumno\Desktop\Modulos\2ºDAM\ProgSerProc\.git\objects\8f\6680989fac9117b4180448bf76742353d159c2
2026-10-05 12:36:36.434 [main] INFO  Main - Archivo: C:\Users\alumno\Desktop\Modulos\2ºDAM\ProgSerProc\.git\objects\8f\dd518d1ddf9b85e643c0c755322f2e48f72e5e
2026-10-05 12:36:36.434 [main] INFO  Main - Archivo: C:\Users\alumno\Desktop\Modulos\2ºDAM\ProgSerProc\.git\objects\90\8cb3b4d150039ab8e5ad98ac40adedf8667b2b
2026-10-05 12:36:36.434 [main] INFO  Main - Archivo: C:\Users\alumno\Desktop\Modulos\2ºDAM\ProgSerProc\.git\objects\95\51bc94cf97cad3e7dfd8f8fbe5ec6a27588eb1
2026-10-05 12:36:36.435 [main] INFO  Main - Archivo: C:\Users\alumno\Desktop\Modulos\2ºDAM\ProgSerProc\.git\objects\98\a8b30cc02a5b3a66838e879990a48e698f9730
2026-10-05 12:36:36.435 [main] INFO  Main - Archivo: C:\Users\alumno\Desktop\Modulos\2ºDAM\ProgSerProc\.git\objects\99\493eba047c06eb1a0d7f20ebe3c4b6a2ad1fc8
2026-10-05 12:36:36.435 [main] INFO  Main - Archivo: C:\Users\alumno\Desktop\Modulos\2ºDAM\ProgSerProc\.git\objects\99\e6860ff722a8300ae86bd23494f88884896294
2026-10-05 12:36:36.435 [main] INFO  Main - Archivo: C:\Users\alumno\Desktop\Modulos\2ºDAM\ProgSerProc\.git\objects\9c\d4a7d6eb3b04d01dd63b48dd8f9c5c1e35bd7c
2026-10-05 12:36:36.435 [main] INFO  Main - Archivo: C:\Users\alumno\Desktop\Modulos\2ºDAM\ProgSerProc\.git\objects\9d\9f89d562e9d9fa3c9ce19daeb5cdb9d2a44ed6
2026-10-05 12:36:36.436 [main] INFO  Main - Archivo: C:\Users\alumno\Desktop\Modulos\2ºDAM\ProgSerProc\.git\objects\9e\2cebdcba01f06f219e48bd274e47bae6232609
2026-10-05 12:36:36.436 [main] INFO  Main - Archivo: C:\Users\alumno\Desktop\Modulos\2ºDAM\ProgSerProc\.git\objects\9f\c12904a4d0bdd9c3ed7e954313d848eb6f94f3
2026-10-05 12:36:36.436 [main] INFO  Main - Archivo: C:\Users\alumno\Desktop\Modulos\2ºDAM\ProgSerProc\.git\objects\a1\e424fe1cf7bd3f019180ba94b1be5a7fabc079
2026-10-05 12:36:36.436 [main] INFO  Main - Archivo: C:\Users\alumno\Desktop\Modulos\2ºDAM\ProgSerProc\.git\objects\a5\50a06f42a0ff16d262000137934b22d159e010
2026-10-05 12:36:36.436 [main] INFO  Main - Archivo: C:\Users\alumno\Desktop\Modulos\2ºDAM\ProgSerProc\.git\objects\a9\93ee55140133cca5f9e0e8db63546dd35d55b1
2026-10-05 12:36:36.437 [main] INFO  Main - Archivo: C:\Users\alumno\Desktop\Modulos\2ºDAM\ProgSerProc\.git\objects\a9\9f6bbeecd8eb407d93cdd3b1874fe18e31bd3e
2026-10-05 12:36:36.437 [main] INFO  Main - Archivo: C:\Users\alumno\Desktop\Modulos\2ºDAM\ProgSerProc\.git\objects\ab\58a5e5a20289a9238edbf300628f42ad006606
2026-10-05 12:36:36.437 [main] INFO  Main - Archivo: C:\Users\alumno\Desktop\Modulos\2ºDAM\ProgSerProc\.git\objects\ac\b31514f8f288dfa7fe8ed8b93865036327a044
2026-10-05 12:36:36.437 [main] INFO  Main - Archivo: C:\Users\alumno\Desktop\Modulos\2ºDAM\ProgSerProc\.git\objects\b2\2b1b89071622a6ff908ece6b3a968b977cb03f
2026-10-05 12:36:36.437 [main] INFO  Main - Archivo: C:\Users\alumno\Desktop\Modulos\2ºDAM\ProgSerProc\.git\objects\b2\9c5c14bf016cd7d091ef9988f3ba29035dfbbb
2026-10-05 12:36:36.438 [main] INFO  Main - Archivo: C:\Users\alumno\Desktop\Modulos\2ºDAM\ProgSerProc\.git\objects\b9\19de1ea53fcfa17548eb855ea1867b90a0904f
2026-10-05 12:36:36.438 [main] INFO  Main - Archivo: C:\Users\alumno\Desktop\Modulos\2ºDAM\ProgSerProc\.git\objects\b9\841ab77d8640aaf93bd8019eee84d7316c6c82
2026-10-05 12:36:36.438 [main] INFO  Main - Archivo: C:\Users\alumno\Desktop\Modulos\2ºDAM\ProgSerProc\.git\objects\ba\12c7c657eaa390200bb8c5fe9af010c5b072f4
2026-10-05 12:36:36.438 [main] INFO  Main - Archivo: C:\Users\alumno\Desktop\Modulos\2ºDAM\ProgSerProc\.git\objects\ba\745cc8d5ec04919d1facbcdd4ff2f75bd04e9f
2026-10-05 12:36:36.438 [main] INFO  Main - Archivo: C:\Users\alumno\Desktop\Modulos\2ºDAM\ProgSerProc\.git\objects\ba\d8a2446c6cbb36b72c8a44d5fd6ed3062708d2
2026-10-05 12:36:36.438 [main] INFO  Main - Archivo: C:\Users\alumno\Desktop\Modulos\2ºDAM\ProgSerProc\.git\objects\bc\2981e174c75b203d968a08cf4bdd237b3b92d5
2026-10-05 12:36:36.438 [main] INFO  Main - Archivo: C:\Users\alumno\Desktop\Modulos\2ºDAM\ProgSerProc\.git\objects\bc\944aed8c0129ba2101f205df11d19971a3b07a
2026-10-05 12:36:36.440 [main] INFO  Main - Archivo: C:\Users\alumno\Desktop\Modulos\2ºDAM\ProgSerProc\.git\objects\bf\9d74f9c3200bc3c962fafae18521ba759c95f0
2026-10-05 12:36:36.440 [main] INFO  Main - Archivo: C:\Users\alumno\Desktop\Modulos\2ºDAM\ProgSerProc\.git\objects\c1\baece3d86d6b9ef092147a7ba074ac711066ca
2026-10-05 12:36:36.440 [main] INFO  Main - Archivo: C:\Users\alumno\Desktop\Modulos\2ºDAM\ProgSerProc\.git\objects\c5\a51c706eec62c7341f93b40a8f5ecbb9aab474
2026-10-05 12:36:36.440 [main] INFO  Main - Archivo: C:\Users\alumno\Desktop\Modulos\2ºDAM\ProgSerProc\.git\objects\c7\48589a1336f236519c33866c42413e38cfb418
2026-10-05 12:36:36.440 [main] INFO  Main - Archivo: C:\Users\alumno\Desktop\Modulos\2ºDAM\ProgSerProc\.git\objects\c8\a7acfc069ecdc611b386d040e46181bfc222c7
2026-10-05 12:36:36.441 [main] INFO  Main - Archivo: C:\Users\alumno\Desktop\Modulos\2ºDAM\ProgSerProc\.git\objects\cc\a2417a8e71638fc376cb46e232c1d522953d7d
2026-10-05 12:36:36.441 [main] INFO  Main - Archivo: C:\Users\alumno\Desktop\Modulos\2ºDAM\ProgSerProc\.git\objects\cd\4deb7c5d98045fb7a03d18ee96d02e98abcb47
2026-10-05 12:36:36.441 [main] INFO  Main - Archivo: C:\Users\alumno\Desktop\Modulos\2ºDAM\ProgSerProc\.git\objects\d0\661b1bd05c6f832c235acf8003f03cde443a6e
2026-10-05 12:36:36.441 [main] INFO  Main - Archivo: C:\Users\alumno\Desktop\Modulos\2ºDAM\ProgSerProc\.git\objects\d0\d64f3ce88c3bf394c17f031ea23327260ce458
2026-10-05 12:36:36.441 [main] INFO  Main - Archivo: C:\Users\alumno\Desktop\Modulos\2ºDAM\ProgSerProc\.git\objects\d2\e9fcebfe853ef092700056ff7aaf651d24e900
2026-10-05 12:36:36.442 [main] INFO  Main - Archivo: C:\Users\alumno\Desktop\Modulos\2ºDAM\ProgSerProc\.git\objects\d4\4df45d551c4a082de498b0723f061656091a22
2026-10-05 12:36:36.442 [main] INFO  Main - Archivo: C:\Users\alumno\Desktop\Modulos\2ºDAM\ProgSerProc\.git\objects\d5\abd1e2d727f168111b91947967b2cd5f3c73b3
2026-10-05 12:36:36.442 [main] INFO  Main - Archivo: C:\Users\alumno\Desktop\Modulos\2ºDAM\ProgSerProc\.git\objects\d7\c401fd409b2ceb104a293d84382d5b60c7cfe2
2026-10-05 12:36:36.442 [main] INFO  Main - Archivo: C:\Users\alumno\Desktop\Modulos\2ºDAM\ProgSerProc\.git\objects\d8\4a0b8dc458439f07c786c34eaf1e066c1012a6
2026-10-05 12:36:36.442 [main] INFO  Main - Archivo: C:\Users\alumno\Desktop\Modulos\2ºDAM\ProgSerProc\.git\objects\dd\d419340f765ae1ac67cb79cd94fd25a5d27987
2026-10-05 12:36:36.443 [main] INFO  Main - Archivo: C:\Users\alumno\Desktop\Modulos\2ºDAM\ProgSerProc\.git\objects\de\4a3234bdb6d74d32f84e8c3d1175d6271cef4c
2026-10-05 12:36:36.443 [main] INFO  Main - Archivo: C:\Users\alumno\Desktop\Modulos\2ºDAM\ProgSerProc\.git\objects\e0\0a5a0da8cacbbd85a4e80ae081b408e8d1ddcc
2026-10-05 12:36:36.443 [main] INFO  Main - Archivo: C:\Users\alumno\Desktop\Modulos\2ºDAM\ProgSerProc\.git\objects\e1\009fb3b8e258a02b1aa57e16651a55c4dc3634
2026-10-05 12:36:36.443 [main] INFO  Main - Archivo: C:\Users\alumno\Desktop\Modulos\2ºDAM\ProgSerProc\.git\objects\e1\142318666dc899c0bc9407046f5473c19afe67
2026-10-05 12:36:36.443 [main] INFO  Main - Archivo: C:\Users\alumno\Desktop\Modulos\2ºDAM\ProgSerProc\.git\objects\e2\16ba9f3b1f7d5673585a1f3da3ba3f205c9cdf
2026-10-05 12:36:36.443 [main] INFO  Main - Archivo: C:\Users\alumno\Desktop\Modulos\2ºDAM\ProgSerProc\.git\objects\e2\1e003ca6a41465a1ab9c1d75a5a3f6b113d315
2026-10-05 12:36:36.444 [main] INFO  Main - Archivo: C:\Users\alumno\Desktop\Modulos\2ºDAM\ProgSerProc\.git\objects\e2\7f8cfb88d5bc43863c5db0908c9991acf5ef39
2026-10-05 12:36:36.444 [main] INFO  Main - Archivo: C:\Users\alumno\Desktop\Modulos\2ºDAM\ProgSerProc\.git\objects\e3\e64d02b7c06fb688353fa8a59de3717fdea67c
2026-10-05 12:36:36.444 [main] INFO  Main - Archivo: C:\Users\alumno\Desktop\Modulos\2ºDAM\ProgSerProc\.git\objects\e6\9de29bb2d1d6434b8b29ae775ad8c2e48c5391
2026-10-05 12:36:36.444 [main] INFO  Main - Archivo: C:\Users\alumno\Desktop\Modulos\2ºDAM\ProgSerProc\.git\objects\e6\b19e634ef16d4c982369263e0aea45302c4129
2026-10-05 12:36:36.444 [main] INFO  Main - Archivo: C:\Users\alumno\Desktop\Modulos\2ºDAM\ProgSerProc\.git\objects\ec\6f2b60dbabaafb78d5775a0e97a3e7d62e6e3a
2026-10-05 12:36:36.444 [main] INFO  Main - Archivo: C:\Users\alumno\Desktop\Modulos\2ºDAM\ProgSerProc\.git\objects\ed\62d7e729402c64bd0deb4186a8c2cae1e03bbb
2026-10-05 12:36:36.445 [main] INFO  Main - Archivo: C:\Users\alumno\Desktop\Modulos\2ºDAM\ProgSerProc\.git\objects\ee\549bd2c2d7d0901e2e66538897005bbfeea529
2026-10-05 12:36:36.445 [main] INFO  Main - Archivo: C:\Users\alumno\Desktop\Modulos\2ºDAM\ProgSerProc\.git\objects\f1\6c9eea5afa93e4993c7c9b3cf22ec178b490d1
2026-10-05 12:36:36.445 [main] INFO  Main - Archivo: C:\Users\alumno\Desktop\Modulos\2ºDAM\ProgSerProc\.git\objects\f2\3eea76c1b983e835ec23333053c5fc24961f33
2026-10-05 12:36:36.445 [main] INFO  Main - Archivo: C:\Users\alumno\Desktop\Modulos\2ºDAM\ProgSerProc\.git\objects\f2\619e3e455350334aa57c052f87e825fded0f6f
2026-10-05 12:36:36.445 [main] INFO  Main - Archivo: C:\Users\alumno\Desktop\Modulos\2ºDAM\ProgSerProc\.git\objects\f2\ba3f47807cf7e397dfaa9a3db236e37d02556e
2026-10-05 12:36:36.445 [main] INFO  Main - Archivo: C:\Users\alumno\Desktop\Modulos\2ºDAM\ProgSerProc\.git\objects\f3\91a68ea696bd1bca1c6fcb2c083d3d206da421
2026-10-05 12:36:36.446 [main] INFO  Main - Archivo: C:\Users\alumno\Desktop\Modulos\2ºDAM\ProgSerProc\.git\objects\f4\b91a10c7e005a96a2e2b99e89b7a6e65ad3af9
2026-10-05 12:36:36.446 [main] INFO  Main - Archivo: C:\Users\alumno\Desktop\Modulos\2ºDAM\ProgSerProc\.git\objects\f6\0c880ec4ef45b89fdb8259050549959a0b57fe
2026-10-05 12:36:36.446 [main] INFO  Main - Archivo: C:\Users\alumno\Desktop\Modulos\2ºDAM\ProgSerProc\.git\objects\f8\cb3507744a737c6764f2a87085605c24f46030
2026-10-05 12:36:36.446 [main] INFO  Main - Archivo: C:\Users\alumno\Desktop\Modulos\2ºDAM\ProgSerProc\.git\objects\f8\ceab36572943d20a167b8d8ec4fb7fbb0d87dc
2026-10-05 12:36:36.446 [main] INFO  Main - Archivo: C:\Users\alumno\Desktop\Modulos\2ºDAM\ProgSerProc\.git\objects\f9\c22a378e67474a80d06f74dfa01c32760473ea
2026-10-05 12:36:36.446 [main] INFO  Main - Archivo: C:\Users\alumno\Desktop\Modulos\2ºDAM\ProgSerProc\.git\objects\fd\a8bb1d3981e50e1d1cf65992119f0691f5e795
2026-10-05 12:36:36.447 [main] INFO  Main - Archivo: C:\Users\alumno\Desktop\Modulos\2ºDAM\ProgSerProc\.git\objects\pack\pack-1edacfd06500742333f3e3f07e912fe1b7d72622.idx
2026-10-05 12:36:36.447 [main] INFO  Main - Archivo: C:\Users\alumno\Desktop\Modulos\2ºDAM\ProgSerProc\.git\objects\pack\pack-1edacfd06500742333f3e3f07e912fe1b7d72622.pack
2026-10-05 12:36:36.447 [main] INFO  Main - Archivo: C:\Users\alumno\Desktop\Modulos\2ºDAM\ProgSerProc\.git\objects\pack\pack-1edacfd06500742333f3e3f07e912fe1b7d72622.rev
2026-10-05 12:36:36.447 [main] INFO  Main - Archivo: C:\Users\alumno\Desktop\Modulos\2ºDAM\ProgSerProc\.git\ORIG_HEAD
2026-10-05 12:36:36.447 [main] INFO  Main - Archivo: C:\Users\alumno\Desktop\Modulos\2ºDAM\ProgSerProc\.git\packed-refs
2026-10-05 12:36:36.447 [main] INFO  Main - Archivo: C:\Users\alumno\Desktop\Modulos\2ºDAM\ProgSerProc\.git\refs\heads\main
2026-10-05 12:36:36.448 [main] INFO  Main - Archivo: C:\Users\alumno\Desktop\Modulos\2ºDAM\ProgSerProc\.git\refs\remotes\origin\HEAD
2026-10-05 12:36:36.448 [main] INFO  Main - Archivo: C:\Users\alumno\Desktop\Modulos\2ºDAM\ProgSerProc\.git\refs\remotes\origin\main
2026-10-05 12:36:36.448 [main] INFO  Main - Archivo: C:\Users\alumno\Desktop\Modulos\2ºDAM\ProgSerProc\Unidad0\Boletin1\Ejercicio1\.classpath
2026-10-05 12:36:36.448 [main] INFO  Main - Archivo: C:\Users\alumno\Desktop\Modulos\2ºDAM\ProgSerProc\Unidad0\Boletin1\Ejercicio1\.gitignore
2026-10-05 12:36:36.448 [main] INFO  Main - Archivo: C:\Users\alumno\Desktop\Modulos\2ºDAM\ProgSerProc\Unidad0\Boletin1\Ejercicio1\.project
2026-10-05 12:36:36.449 [main] INFO  Main - Archivo: C:\Users\alumno\Desktop\Modulos\2ºDAM\ProgSerProc\Unidad0\Boletin1\Ejercicio1\.settings\org.eclipse.jdt.core.prefs
2026-10-05 12:36:36.449 [main] INFO  Main - Archivo: C:\Users\alumno\Desktop\Modulos\2ºDAM\ProgSerProc\Unidad0\Boletin1\Ejercicio1\.settings\org.eclipse.m2e.core.prefs
2026-10-05 12:36:36.449 [main] INFO  Main - Archivo: C:\Users\alumno\Desktop\Modulos\2ºDAM\ProgSerProc\Unidad0\Boletin1\Ejercicio1\application-20261001.log
2026-10-05 12:36:36.449 [main] INFO  Main - Archivo: C:\Users\alumno\Desktop\Modulos\2ºDAM\ProgSerProc\Unidad0\Boletin1\Ejercicio1\pom.xml
2026-10-05 12:36:36.449 [main] INFO  Main - Archivo: C:\Users\alumno\Desktop\Modulos\2ºDAM\ProgSerProc\Unidad0\Boletin1\Ejercicio1\src\main\java\Controller\GestionaDirectorio.java
2026-10-05 12:36:36.449 [main] INFO  Main - Archivo: C:\Users\alumno\Desktop\Modulos\2ºDAM\ProgSerProc\Unidad0\Boletin1\Ejercicio1\src\main\java\Exceptions\RutaNoValidaException.java
2026-10-05 12:36:36.449 [main] INFO  Main - Archivo: C:\Users\alumno\Desktop\Modulos\2ºDAM\ProgSerProc\Unidad0\Boletin1\Ejercicio1\src\main\java\Models\Ejercicio1.java
2026-10-05 12:36:36.449 [main] INFO  Main - Archivo: C:\Users\alumno\Desktop\Modulos\2ºDAM\ProgSerProc\Unidad0\Boletin1\Ejercicio1\src\main\java\Models\EstadisticasDirectorio.java
2026-10-05 12:36:36.451 [main] INFO  Main - Archivo: C:\Users\alumno\Desktop\Modulos\2ºDAM\ProgSerProc\Unidad0\Boletin1\Ejercicio1\src\main\java\Repository\DirectorioRepository.java
2026-10-05 12:36:36.451 [main] INFO  Main - Archivo: C:\Users\alumno\Desktop\Modulos\2ºDAM\ProgSerProc\Unidad0\Boletin1\Ejercicio1\src\main\resources\log4j2.xml
2026-10-05 12:36:36.452 [main] INFO  Main - Archivo: C:\Users\alumno\Desktop\Modulos\2ºDAM\ProgSerProc\Unidad0\Boletin1\Ejercicio1\target\classes\Controller\GestionaDirectorio.class
2026-10-05 12:36:36.452 [main] INFO  Main - Archivo: C:\Users\alumno\Desktop\Modulos\2ºDAM\ProgSerProc\Unidad0\Boletin1\Ejercicio1\target\classes\Exceptions\RutaNoValidaException.class
2026-10-05 12:36:36.452 [main] INFO  Main - Archivo: C:\Users\alumno\Desktop\Modulos\2ºDAM\ProgSerProc\Unidad0\Boletin1\Ejercicio1\target\classes\log4j2.xml
2026-10-05 12:36:36.452 [main] INFO  Main - Archivo: C:\Users\alumno\Desktop\Modulos\2ºDAM\ProgSerProc\Unidad0\Boletin1\Ejercicio1\target\classes\META-INF\MANIFEST.MF
2026-10-05 12:36:36.453 [main] INFO  Main - Archivo: C:\Users\alumno\Desktop\Modulos\2ºDAM\ProgSerProc\Unidad0\Boletin1\Ejercicio1\target\classes\META-INF\maven\psp\Ejercicio1Boletin1\pom.properties
2026-10-05 12:36:36.453 [main] INFO  Main - Archivo: C:\Users\alumno\Desktop\Modulos\2ºDAM\ProgSerProc\Unidad0\Boletin1\Ejercicio1\target\classes\META-INF\maven\psp\Ejercicio1Boletin1\pom.xml
2026-10-05 12:36:36.453 [main] INFO  Main - Archivo: C:\Users\alumno\Desktop\Modulos\2ºDAM\ProgSerProc\Unidad0\Boletin1\Ejercicio1\target\classes\Models\Ejercicio1.class
2026-10-05 12:36:36.453 [main] INFO  Main - Archivo: C:\Users\alumno\Desktop\Modulos\2ºDAM\ProgSerProc\Unidad0\Boletin1\Ejercicio1\target\classes\Models\EstadisticasDirectorio.class
2026-10-05 12:36:36.453 [main] INFO  Main - Archivo: C:\Users\alumno\Desktop\Modulos\2ºDAM\ProgSerProc\Unidad0\Boletin1\Ejercicio1\target\classes\Repository\DirectorioRepository.class
2026-10-05 12:36:36.454 [main] INFO  Main - Archivo: C:\Users\alumno\Desktop\Modulos\2ºDAM\ProgSerProc\Unidad0\Boletin1\Ejercicio2\.classpath
2026-10-05 12:36:36.454 [main] INFO  Main - Archivo: C:\Users\alumno\Desktop\Modulos\2ºDAM\ProgSerProc\Unidad0\Boletin1\Ejercicio2\.gitignore
2026-10-05 12:36:36.456 [main] INFO  Main - Archivo: C:\Users\alumno\Desktop\Modulos\2ºDAM\ProgSerProc\Unidad0\Boletin1\Ejercicio2\.project
2026-10-05 12:36:36.457 [main] INFO  Main - Archivo: C:\Users\alumno\Desktop\Modulos\2ºDAM\ProgSerProc\Unidad0\Boletin1\Ejercicio2\.settings\org.eclipse.jdt.core.prefs
2026-10-05 12:36:36.457 [main] INFO  Main - Archivo: C:\Users\alumno\Desktop\Modulos\2ºDAM\ProgSerProc\Unidad0\Boletin1\Ejercicio2\.settings\org.eclipse.m2e.core.prefs
2026-10-05 12:36:36.457 [main] INFO  Main - Archivo: C:\Users\alumno\Desktop\Modulos\2ºDAM\ProgSerProc\Unidad0\Boletin1\Ejercicio2\pom.xml
2026-10-05 12:36:36.457 [main] INFO  Main - Archivo: C:\Users\alumno\Desktop\Modulos\2ºDAM\ProgSerProc\Unidad0\Boletin1\Ejercicio2\src\main\java\Controller\Main.java
2026-10-05 12:36:36.458 [main] INFO  Main - Archivo: C:\Users\alumno\Desktop\Modulos\2ºDAM\ProgSerProc\Unidad0\Boletin1\Ejercicio2\src\main\java\Exceptions\RutaNoValidaException.java
2026-10-05 12:36:36.458 [main] INFO  Main - Archivo: C:\Users\alumno\Desktop\Modulos\2ºDAM\ProgSerProc\Unidad0\Boletin1\Ejercicio2\src\main\java\Models\InformacionRutaModel.java
2026-10-05 12:36:36.458 [main] INFO  Main - Archivo: C:\Users\alumno\Desktop\Modulos\2ºDAM\ProgSerProc\Unidad0\Boletin1\Ejercicio2\src\main\java\Repository\RutaRepository.java
2026-10-05 12:36:36.459 [main] INFO  Main - Archivo: C:\Users\alumno\Desktop\Modulos\2ºDAM\ProgSerProc\Unidad0\Boletin1\Ejercicio2\target\classes\Controller\Main.class
2026-10-05 12:36:36.459 [main] INFO  Main - Archivo: C:\Users\alumno\Desktop\Modulos\2ºDAM\ProgSerProc\Unidad0\Boletin1\Ejercicio2\target\classes\Exceptions\RutaNoValidaException.class
2026-10-05 12:36:36.459 [main] INFO  Main - Archivo: C:\Users\alumno\Desktop\Modulos\2ºDAM\ProgSerProc\Unidad0\Boletin1\Ejercicio2\target\classes\META-INF\MANIFEST.MF
2026-10-05 12:36:36.460 [main] INFO  Main - Archivo: C:\Users\alumno\Desktop\Modulos\2ºDAM\ProgSerProc\Unidad0\Boletin1\Ejercicio2\target\classes\META-INF\maven\Ficheros\Ejercicio2\pom.properties
2026-10-05 12:36:36.460 [main] INFO  Main - Archivo: C:\Users\alumno\Desktop\Modulos\2ºDAM\ProgSerProc\Unidad0\Boletin1\Ejercicio2\target\classes\META-INF\maven\Ficheros\Ejercicio2\pom.xml
2026-10-05 12:36:36.460 [main] INFO  Main - Archivo: C:\Users\alumno\Desktop\Modulos\2ºDAM\ProgSerProc\Unidad0\Boletin1\Ejercicio2\target\classes\Models\InformacionRutaModel.class
2026-10-05 12:36:36.460 [main] INFO  Main - Archivo: C:\Users\alumno\Desktop\Modulos\2ºDAM\ProgSerProc\Unidad0\Boletin1\Ejercicio2\target\classes\Repository\RutaRepository.class
2026-10-05 12:36:36.460 [main] INFO  Main - Archivo: C:\Users\alumno\Desktop\Modulos\2ºDAM\ProgSerProc\Unidad0\Boletin1\Ejercicio3\.classpath
2026-10-05 12:36:36.461 [main] INFO  Main - Archivo: C:\Users\alumno\Desktop\Modulos\2ºDAM\ProgSerProc\Unidad0\Boletin1\Ejercicio3\.gitignore
2026-10-05 12:36:36.461 [main] INFO  Main - Archivo: C:\Users\alumno\Desktop\Modulos\2ºDAM\ProgSerProc\Unidad0\Boletin1\Ejercicio3\.project
2026-10-05 12:36:36.461 [main] INFO  Main - Archivo: C:\Users\alumno\Desktop\Modulos\2ºDAM\ProgSerProc\Unidad0\Boletin1\Ejercicio3\.settings\org.eclipse.jdt.core.prefs
2026-10-05 12:36:36.461 [main] INFO  Main - Archivo: C:\Users\alumno\Desktop\Modulos\2ºDAM\ProgSerProc\Unidad0\Boletin1\Ejercicio3\.settings\org.eclipse.m2e.core.prefs
2026-10-05 12:36:36.461 [main] INFO  Main - Archivo: C:\Users\alumno\Desktop\Modulos\2ºDAM\ProgSerProc\Unidad0\Boletin1\Ejercicio3\pom.xml
2026-10-05 12:36:36.461 [main] INFO  Main - Archivo: C:\Users\alumno\Desktop\Modulos\2ºDAM\ProgSerProc\Unidad0\Boletin1\Ejercicio3\src\main\java\Controller\FicheroController.java
2026-10-05 12:36:36.462 [main] INFO  Main - Archivo: C:\Users\alumno\Desktop\Modulos\2ºDAM\ProgSerProc\Unidad0\Boletin1\Ejercicio3\src\main\java\Exceptions\GestionFicherosException.java
2026-10-05 12:36:36.462 [main] INFO  Main - Archivo: C:\Users\alumno\Desktop\Modulos\2ºDAM\ProgSerProc\Unidad0\Boletin1\Ejercicio3\src\main\java\Models\ResultadoOperacionModel.java
2026-10-05 12:36:36.462 [main] INFO  Main - Archivo: C:\Users\alumno\Desktop\Modulos\2ºDAM\ProgSerProc\Unidad0\Boletin1\Ejercicio3\src\main\java\Repository\FicheroRepository.java
2026-10-05 12:36:36.462 [main] INFO  Main - Archivo: C:\Users\alumno\Desktop\Modulos\2ºDAM\ProgSerProc\Unidad0\Boletin1\Ejercicio3\target\classes\Controller\FicheroController.class
2026-10-05 12:36:36.463 [main] INFO  Main - Archivo: C:\Users\alumno\Desktop\Modulos\2ºDAM\ProgSerProc\Unidad0\Boletin1\Ejercicio3\target\classes\Exceptions\GestionFicherosException.class
2026-10-05 12:36:36.463 [main] INFO  Main - Archivo: C:\Users\alumno\Desktop\Modulos\2ºDAM\ProgSerProc\Unidad0\Boletin1\Ejercicio3\target\classes\META-INF\MANIFEST.MF
2026-10-05 12:36:36.463 [main] INFO  Main - Archivo: C:\Users\alumno\Desktop\Modulos\2ºDAM\ProgSerProc\Unidad0\Boletin1\Ejercicio3\target\classes\META-INF\maven\Ficheros\Ejercicio3\pom.properties
2026-10-05 12:36:36.463 [main] INFO  Main - Archivo: C:\Users\alumno\Desktop\Modulos\2ºDAM\ProgSerProc\Unidad0\Boletin1\Ejercicio3\target\classes\META-INF\maven\Ficheros\Ejercicio3\pom.xml
2026-10-05 12:36:36.463 [main] INFO  Main - Archivo: C:\Users\alumno\Desktop\Modulos\2ºDAM\ProgSerProc\Unidad0\Boletin1\Ejercicio3\target\classes\Models\ResultadoOperacionModel.class
2026-10-05 12:36:36.464 [main] INFO  Main - Archivo: C:\Users\alumno\Desktop\Modulos\2ºDAM\ProgSerProc\Unidad0\Boletin1\Ejercicio3\target\classes\Repository\FicheroRepository.class
2026-10-05 12:36:36.464 [main] INFO  Main - Archivo: C:\Users\alumno\Desktop\Modulos\2ºDAM\ProgSerProc\Unidad0\Boletin1\Ejercicio4\.classpath
2026-10-05 12:36:36.464 [main] INFO  Main - Archivo: C:\Users\alumno\Desktop\Modulos\2ºDAM\ProgSerProc\Unidad0\Boletin1\Ejercicio4\.gitignore
2026-10-05 12:36:36.464 [main] INFO  Main - Archivo: C:\Users\alumno\Desktop\Modulos\2ºDAM\ProgSerProc\Unidad0\Boletin1\Ejercicio4\.project
2026-10-05 12:36:36.464 [main] INFO  Main - Archivo: C:\Users\alumno\Desktop\Modulos\2ºDAM\ProgSerProc\Unidad0\Boletin1\Ejercicio4\.settings\org.eclipse.jdt.core.prefs
2026-10-05 12:36:36.464 [main] INFO  Main - Archivo: C:\Users\alumno\Desktop\Modulos\2ºDAM\ProgSerProc\Unidad0\Boletin1\Ejercicio4\.settings\org.eclipse.m2e.core.prefs
2026-10-05 12:36:36.464 [main] INFO  Main - Archivo: C:\Users\alumno\Desktop\Modulos\2ºDAM\ProgSerProc\Unidad0\Boletin1\Ejercicio4\application-20261005.log
2026-10-05 12:36:36.464 [main] INFO  Main - Archivo: C:\Users\alumno\Desktop\Modulos\2ºDAM\ProgSerProc\Unidad0\Boletin1\Ejercicio4\pom.xml
2026-10-05 12:36:36.465 [main] INFO  Main - Archivo: C:\Users\alumno\Desktop\Modulos\2ºDAM\ProgSerProc\Unidad0\Boletin1\Ejercicio4\src\main\java\Main.java
2026-10-05 12:36:36.465 [main] INFO  Main - Archivo: C:\Users\alumno\Desktop\Modulos\2ºDAM\ProgSerProc\Unidad0\Boletin1\Ejercicio4\src\main\resources\log4j2.xml
2026-10-05 12:36:36.466 [main] INFO  Main - Archivo: C:\Users\alumno\Desktop\Modulos\2ºDAM\ProgSerProc\Unidad0\Boletin1\Ejercicio4\target\classes\log4j2.xml
2026-10-05 12:36:36.466 [main] INFO  Main - Archivo: C:\Users\alumno\Desktop\Modulos\2ºDAM\ProgSerProc\Unidad0\Boletin1\Ejercicio4\target\classes\Main.class
2026-10-05 12:36:36.466 [main] INFO  Main - Archivo: C:\Users\alumno\Desktop\Modulos\2ºDAM\ProgSerProc\Unidad0\Boletin1\Ejercicio4\target\classes\META-INF\MANIFEST.MF
2026-10-05 12:36:36.466 [main] INFO  Main - Archivo: C:\Users\alumno\Desktop\Modulos\2ºDAM\ProgSerProc\Unidad0\Boletin1\Ejercicio4\target\classes\META-INF\maven\Ficheros\Ejercicio4\pom.properties
2026-10-05 12:36:36.466 [main] INFO  Main - Archivo: C:\Users\alumno\Desktop\Modulos\2ºDAM\ProgSerProc\Unidad0\Boletin1\Ejercicio4\target\classes\META-INF\maven\Ficheros\Ejercicio4\pom.xml
2026-10-05 12:36:36.466 [main] INFO  Main - Archivo: C:\Users\alumno\Desktop\Modulos\2ºDAM\ProgSerProc\Unidad0\repasoJava\.project
2026-10-05 12:36:36.468 [main] INFO  Main - Archivo: C:\Users\alumno\Desktop\Modulos\2ºDAM\ProgSerProc\Unidad0\repasoJava\Ejercicio1\.classpath
2026-10-05 12:36:36.468 [main] INFO  Main - Archivo: C:\Users\alumno\Desktop\Modulos\2ºDAM\ProgSerProc\Unidad0\repasoJava\Ejercicio1\.gitignore
2026-10-05 12:36:36.468 [main] INFO  Main - Archivo: C:\Users\alumno\Desktop\Modulos\2ºDAM\ProgSerProc\Unidad0\repasoJava\Ejercicio1\.project
2026-10-05 12:36:36.468 [main] INFO  Main - Archivo: C:\Users\alumno\Desktop\Modulos\2ºDAM\ProgSerProc\Unidad0\repasoJava\Ejercicio1\.settings\org.eclipse.jdt.core.prefs
2026-10-05 12:36:36.468 [main] INFO  Main - Archivo: C:\Users\alumno\Desktop\Modulos\2ºDAM\ProgSerProc\Unidad0\repasoJava\Ejercicio1\.settings\org.eclipse.m2e.core.prefs
2026-10-05 12:36:36.468 [main] INFO  Main - Archivo: C:\Users\alumno\Desktop\Modulos\2ºDAM\ProgSerProc\Unidad0\repasoJava\Ejercicio1\pom.xml
2026-10-05 12:36:36.469 [main] INFO  Main - Archivo: C:\Users\alumno\Desktop\Modulos\2ºDAM\ProgSerProc\Unidad0\repasoJava\Ejercicio1\src\main\java\Controllers\GestionaEventos.java
2026-10-05 12:36:36.469 [main] INFO  Main - Archivo: C:\Users\alumno\Desktop\Modulos\2ºDAM\ProgSerProc\Unidad0\repasoJava\Ejercicio1\src\main\java\Exceptions\CrafterException.java
2026-10-05 12:36:36.469 [main] INFO  Main - Archivo: C:\Users\alumno\Desktop\Modulos\2ºDAM\ProgSerProc\Unidad0\repasoJava\Ejercicio1\src\main\java\Models\Concierto.java
2026-10-05 12:36:36.469 [main] INFO  Main - Archivo: C:\Users\alumno\Desktop\Modulos\2ºDAM\ProgSerProc\Unidad0\repasoJava\Ejercicio1\src\main\java\Models\Deportivo.java
2026-10-05 12:36:36.469 [main] INFO  Main - Archivo: C:\Users\alumno\Desktop\Modulos\2ºDAM\ProgSerProc\Unidad0\repasoJava\Ejercicio1\src\main\java\Models\Estado.java
2026-10-05 12:36:36.470 [main] INFO  Main - Archivo: C:\Users\alumno\Desktop\Modulos\2ºDAM\ProgSerProc\Unidad0\repasoJava\Ejercicio1\src\main\java\Models\Evento.java
2026-10-05 12:36:36.470 [main] INFO  Main - Archivo: C:\Users\alumno\Desktop\Modulos\2ºDAM\ProgSerProc\Unidad0\repasoJava\Ejercicio1\src\main\java\Repository\EventosRepository.java
2026-10-05 12:36:36.470 [main] INFO  Main - Archivo: C:\Users\alumno\Desktop\Modulos\2ºDAM\ProgSerProc\Unidad0\repasoJava\Ejercicio1\target\classes\Controllers\GestionaEventos.class
2026-10-05 12:36:36.470 [main] INFO  Main - Archivo: C:\Users\alumno\Desktop\Modulos\2ºDAM\ProgSerProc\Unidad0\repasoJava\Ejercicio1\target\classes\Exceptions\CrafterException.class
2026-10-05 12:36:36.471 [main] INFO  Main - Archivo: C:\Users\alumno\Desktop\Modulos\2ºDAM\ProgSerProc\Unidad0\repasoJava\Ejercicio1\target\classes\META-INF\MANIFEST.MF
2026-10-05 12:36:36.471 [main] INFO  Main - Archivo: C:\Users\alumno\Desktop\Modulos\2ºDAM\ProgSerProc\Unidad0\repasoJava\Ejercicio1\target\classes\META-INF\maven\psp\Ejercicio1\pom.properties
2026-10-05 12:36:36.471 [main] INFO  Main - Archivo: C:\Users\alumno\Desktop\Modulos\2ºDAM\ProgSerProc\Unidad0\repasoJava\Ejercicio1\target\classes\META-INF\maven\psp\Ejercicio1\pom.xml
2026-10-05 12:36:36.471 [main] INFO  Main - Archivo: C:\Users\alumno\Desktop\Modulos\2ºDAM\ProgSerProc\Unidad0\repasoJava\Ejercicio1\target\classes\Models\Concierto.class
2026-10-05 12:36:36.471 [main] INFO  Main - Archivo: C:\Users\alumno\Desktop\Modulos\2ºDAM\ProgSerProc\Unidad0\repasoJava\Ejercicio1\target\classes\Models\Deportivo.class
2026-10-05 12:36:36.471 [main] INFO  Main - Archivo: C:\Users\alumno\Desktop\Modulos\2ºDAM\ProgSerProc\Unidad0\repasoJava\Ejercicio1\target\classes\Models\Estado.class
2026-10-05 12:36:36.471 [main] INFO  Main - Archivo: C:\Users\alumno\Desktop\Modulos\2ºDAM\ProgSerProc\Unidad0\repasoJava\Ejercicio1\target\classes\Models\Evento.class
2026-10-05 12:36:36.471 [main] INFO  Main - Archivo: C:\Users\alumno\Desktop\Modulos\2ºDAM\ProgSerProc\Unidad0\repasoJava\Ejercicio1\target\classes\Repository\EventosRepository.class
2026-10-05 12:36:36.472 [main] INFO  Main - Archivo: C:\Users\alumno\Desktop\Modulos\2ºDAM\ProgSerProc\Unidad0\repasoJava\Ejercicio1\target\maven-status\maven-compiler-plugin\compile\default-compile\createdFiles.lst
2026-10-05 12:36:36.472 [main] INFO  Main - Archivo: C:\Users\alumno\Desktop\Modulos\2ºDAM\ProgSerProc\Unidad0\repasoJava\Ejercicio1\target\maven-status\maven-compiler-plugin\compile\default-compile\inputFiles.lst
2026-10-05 12:36:36.472 [main] INFO  Main - Archivo: C:\Users\alumno\Desktop\Modulos\2ºDAM\ProgSerProc\Unidad0\repasoJava\Ejercicio2\.classpath
2026-10-05 12:36:36.472 [main] INFO  Main - Archivo: C:\Users\alumno\Desktop\Modulos\2ºDAM\ProgSerProc\Unidad0\repasoJava\Ejercicio2\.gitignore
2026-10-05 12:36:36.473 [main] INFO  Main - Archivo: C:\Users\alumno\Desktop\Modulos\2ºDAM\ProgSerProc\Unidad0\repasoJava\Ejercicio2\.project
2026-10-05 12:36:36.473 [main] INFO  Main - Archivo: C:\Users\alumno\Desktop\Modulos\2ºDAM\ProgSerProc\Unidad0\repasoJava\Ejercicio2\.settings\org.eclipse.jdt.core.prefs
2026-10-05 12:36:36.473 [main] INFO  Main - Archivo: C:\Users\alumno\Desktop\Modulos\2ºDAM\ProgSerProc\Unidad0\repasoJava\Ejercicio2\.settings\org.eclipse.m2e.core.prefs
2026-10-05 12:36:36.473 [main] INFO  Main - Archivo: C:\Users\alumno\Desktop\Modulos\2ºDAM\ProgSerProc\Unidad0\repasoJava\Ejercicio2\pom.xml
2026-10-05 12:36:36.473 [main] INFO  Main - Archivo: C:\Users\alumno\Desktop\Modulos\2ºDAM\ProgSerProc\Unidad0\repasoJava\Ejercicio2\src\main\java\Models\Biblioteca.java
2026-10-05 12:36:36.474 [main] INFO  Main - Archivo: C:\Users\alumno\Desktop\Modulos\2ºDAM\ProgSerProc\Unidad0\repasoJava\Ejercicio2\src\main\java\Models\Genero.java
2026-10-05 12:36:36.474 [main] INFO  Main - Archivo: C:\Users\alumno\Desktop\Modulos\2ºDAM\ProgSerProc\Unidad0\repasoJava\Ejercicio2\src\main\java\Models\Libro.java
2026-10-05 12:36:36.474 [main] INFO  Main - Archivo: C:\Users\alumno\Desktop\Modulos\2ºDAM\ProgSerProc\Unidad0\repasoJava\Ejercicio2\src\main\java\Models\Prestamo.java
2026-10-05 12:36:36.474 [main] INFO  Main - Archivo: C:\Users\alumno\Desktop\Modulos\2ºDAM\ProgSerProc\Unidad0\repasoJava\Ejercicio2\src\main\java\Models\Usuario.java
2026-10-05 12:36:36.474 [main] INFO  Main - Archivo: C:\Users\alumno\Desktop\Modulos\2ºDAM\ProgSerProc\Unidad0\repasoJava\Ejercicio2\target\classes\META-INF\MANIFEST.MF
2026-10-05 12:36:36.475 [main] INFO  Main - Archivo: C:\Users\alumno\Desktop\Modulos\2ºDAM\ProgSerProc\Unidad0\repasoJava\Ejercicio2\target\classes\META-INF\maven\psp\Ejercicio2\pom.properties
2026-10-05 12:36:36.475 [main] INFO  Main - Archivo: C:\Users\alumno\Desktop\Modulos\2ºDAM\ProgSerProc\Unidad0\repasoJava\Ejercicio2\target\classes\META-INF\maven\psp\Ejercicio2\pom.xml
2026-10-05 12:36:36.475 [main] INFO  Main - Archivo: C:\Users\alumno\Desktop\Modulos\2ºDAM\ProgSerProc\Unidad0\repasoJava\Ejercicio2\target\classes\Models\Biblioteca.class
2026-10-05 12:36:36.475 [main] INFO  Main - Archivo: C:\Users\alumno\Desktop\Modulos\2ºDAM\ProgSerProc\Unidad0\repasoJava\Ejercicio2\target\classes\Models\Genero.class
2026-10-05 12:36:36.475 [main] INFO  Main - Archivo: C:\Users\alumno\Desktop\Modulos\2ºDAM\ProgSerProc\Unidad0\repasoJava\Ejercicio2\target\classes\Models\Libro.class
2026-10-05 12:36:36.475 [main] INFO  Main - Archivo: C:\Users\alumno\Desktop\Modulos\2ºDAM\ProgSerProc\Unidad0\repasoJava\Ejercicio2\target\classes\Models\Prestamo.class
2026-10-05 12:36:36.475 [main] INFO  Main - Archivo: C:\Users\alumno\Desktop\Modulos\2ºDAM\ProgSerProc\Unidad0\repasoJava\Ejercicio2\target\classes\Models\Usuario.class
2026-10-05 12:36:36.475 [main] INFO  Main - Archivo: C:\Users\alumno\Desktop\Modulos\2ºDAM\ProgSerProc\Unidad0\repasoJava\Ejercicio3\.classpath
2026-10-05 12:36:36.475 [main] INFO  Main - Archivo: C:\Users\alumno\Desktop\Modulos\2ºDAM\ProgSerProc\Unidad0\repasoJava\Ejercicio3\.gitignore
2026-10-05 12:36:36.475 [main] INFO  Main - Archivo: C:\Users\alumno\Desktop\Modulos\2ºDAM\ProgSerProc\Unidad0\repasoJava\Ejercicio3\.project
2026-10-05 12:36:36.475 [main] INFO  Main - Archivo: C:\Users\alumno\Desktop\Modulos\2ºDAM\ProgSerProc\Unidad0\repasoJava\Ejercicio3\.settings\org.eclipse.jdt.core.prefs
2026-10-05 12:36:36.475 [main] INFO  Main - Archivo: C:\Users\alumno\Desktop\Modulos\2ºDAM\ProgSerProc\Unidad0\repasoJava\Ejercicio3\.settings\org.eclipse.m2e.core.prefs
2026-10-05 12:36:36.475 [main] INFO  Main - Archivo: C:\Users\alumno\Desktop\Modulos\2ºDAM\ProgSerProc\Unidad0\repasoJava\Ejercicio3\pom.xml
2026-10-05 12:36:36.477 [main] INFO  Main - Archivo: C:\Users\alumno\Desktop\Modulos\2ºDAM\ProgSerProc\Unidad0\repasoJava\Ejercicio3\src\main\java\Controller\GestionaPeticionesAChat.java
2026-10-05 12:36:36.477 [main] INFO  Main - Archivo: C:\Users\alumno\Desktop\Modulos\2ºDAM\ProgSerProc\Unidad0\repasoJava\Ejercicio3\src\main\java\Models\Conversacion.java
2026-10-05 12:36:36.477 [main] INFO  Main - Archivo: C:\Users\alumno\Desktop\Modulos\2ºDAM\ProgSerProc\Unidad0\repasoJava\Ejercicio3\src\main\java\Models\ServicioConversaciones.java
2026-10-05 12:36:36.477 [main] INFO  Main - Archivo: C:\Users\alumno\Desktop\Modulos\2ºDAM\ProgSerProc\Unidad0\repasoJava\Ejercicio3\src\main\java\Models\TipoAgente.java
2026-10-05 12:36:36.477 [main] INFO  Main - Archivo: C:\Users\alumno\Desktop\Modulos\2ºDAM\ProgSerProc\Unidad0\repasoJava\Ejercicio3\src\main\java\Repository\RepositorioConversaciones.java
2026-10-05 12:36:36.478 [main] INFO  Main - Archivo: C:\Users\alumno\Desktop\Modulos\2ºDAM\ProgSerProc\Unidad0\repasoJava\Ejercicio3\target\classes\Controller\GestionaPeticionesAChat.class
2026-10-05 12:36:36.478 [main] INFO  Main - Archivo: C:\Users\alumno\Desktop\Modulos\2ºDAM\ProgSerProc\Unidad0\repasoJava\Ejercicio3\target\classes\META-INF\MANIFEST.MF
2026-10-05 12:36:36.479 [main] INFO  Main - Archivo: C:\Users\alumno\Desktop\Modulos\2ºDAM\ProgSerProc\Unidad0\repasoJava\Ejercicio3\target\classes\META-INF\maven\psp\Ejercicio3\pom.properties
2026-10-05 12:36:36.479 [main] INFO  Main - Archivo: C:\Users\alumno\Desktop\Modulos\2ºDAM\ProgSerProc\Unidad0\repasoJava\Ejercicio3\target\classes\META-INF\maven\psp\Ejercicio3\pom.xml
2026-10-05 12:36:36.479 [main] INFO  Main - Archivo: C:\Users\alumno\Desktop\Modulos\2ºDAM\ProgSerProc\Unidad0\repasoJava\Ejercicio3\target\classes\Models\Conversacion.class
2026-10-05 12:36:36.479 [main] INFO  Main - Archivo: C:\Users\alumno\Desktop\Modulos\2ºDAM\ProgSerProc\Unidad0\repasoJava\Ejercicio3\target\classes\Models\ServicioConversaciones.class
2026-10-05 12:36:36.479 [main] INFO  Main - Archivo: C:\Users\alumno\Desktop\Modulos\2ºDAM\ProgSerProc\Unidad0\repasoJava\Ejercicio3\target\classes\Models\TipoAgente.class
2026-10-05 12:36:36.479 [main] INFO  Main - Archivo: C:\Users\alumno\Desktop\Modulos\2ºDAM\ProgSerProc\Unidad0\repasoJava\Ejercicio3\target\classes\Repository\RepositorioConversaciones.class
2026-10-05 12:36:36.479 [main] INFO  Main - Archivo: C:\Users\alumno\Desktop\Modulos\2ºDAM\ProgSerProc\Unidad0\repasoJava\Ejercicio4\.classpath
2026-10-05 12:36:36.480 [main] INFO  Main - Archivo: C:\Users\alumno\Desktop\Modulos\2ºDAM\ProgSerProc\Unidad0\repasoJava\Ejercicio4\.gitignore
2026-10-05 12:36:36.480 [main] INFO  Main - Archivo: C:\Users\alumno\Desktop\Modulos\2ºDAM\ProgSerProc\Unidad0\repasoJava\Ejercicio4\.project
2026-10-05 12:36:36.480 [main] INFO  Main - Archivo: C:\Users\alumno\Desktop\Modulos\2ºDAM\ProgSerProc\Unidad0\repasoJava\Ejercicio4\.settings\org.eclipse.jdt.core.prefs
2026-10-05 12:36:36.480 [main] INFO  Main - Archivo: C:\Users\alumno\Desktop\Modulos\2ºDAM\ProgSerProc\Unidad0\repasoJava\Ejercicio4\.settings\org.eclipse.m2e.core.prefs
2026-10-05 12:36:36.480 [main] INFO  Main - Archivo: C:\Users\alumno\Desktop\Modulos\2ºDAM\ProgSerProc\Unidad0\repasoJava\Ejercicio4\pom.xml
2026-10-05 12:36:36.481 [main] INFO  Main - Archivo: C:\Users\alumno\Desktop\Modulos\2ºDAM\ProgSerProc\Unidad0\repasoJava\Ejercicio4\src\main\java\Controller\GestorPedidos.java
2026-10-05 12:36:36.481 [main] INFO  Main - Archivo: C:\Users\alumno\Desktop\Modulos\2ºDAM\ProgSerProc\Unidad0\repasoJava\Ejercicio4\src\main\java\Models\Cliente.java
2026-10-05 12:36:36.481 [main] INFO  Main - Archivo: C:\Users\alumno\Desktop\Modulos\2ºDAM\ProgSerProc\Unidad0\repasoJava\Ejercicio4\src\main\java\Models\EnviadorSms.java
2026-10-05 12:36:36.481 [main] INFO  Main - Archivo: C:\Users\alumno\Desktop\Modulos\2ºDAM\ProgSerProc\Unidad0\repasoJava\Ejercicio4\src\main\java\Models\Estado.java
2026-10-05 12:36:36.481 [main] INFO  Main - Archivo: C:\Users\alumno\Desktop\Modulos\2ºDAM\ProgSerProc\Unidad0\repasoJava\Ejercicio4\src\main\java\Models\Notificador.java
2026-10-05 12:36:36.481 [main] INFO  Main - Archivo: C:\Users\alumno\Desktop\Modulos\2ºDAM\ProgSerProc\Unidad0\repasoJava\Ejercicio4\src\main\java\Models\Pedido.java
2026-10-05 12:36:36.481 [main] INFO  Main - Archivo: C:\Users\alumno\Desktop\Modulos\2ºDAM\ProgSerProc\Unidad0\repasoJava\Ejercicio4\src\main\java\Repository\RepoNotificador.java
2026-10-05 12:36:36.481 [main] INFO  Main - Archivo: C:\Users\alumno\Desktop\Modulos\2ºDAM\ProgSerProc\Unidad0\repasoJava\Ejercicio4\src\main\java\Repository\RepoPedidos.java
2026-10-05 12:36:36.482 [main] INFO  Main - Archivo: C:\Users\alumno\Desktop\Modulos\2ºDAM\ProgSerProc\Unidad0\repasoJava\Ejercicio4\src\test\resources\log4j2.xml
2026-10-05 12:36:36.482 [main] INFO  Main - Archivo: C:\Users\alumno\Desktop\Modulos\2ºDAM\ProgSerProc\Unidad0\repasoJava\Ejercicio4\target\classes\Controller\GestorPedidos.class
2026-10-05 12:36:36.482 [main] INFO  Main - Archivo: C:\Users\alumno\Desktop\Modulos\2ºDAM\ProgSerProc\Unidad0\repasoJava\Ejercicio4\target\classes\META-INF\MANIFEST.MF
2026-10-05 12:36:36.483 [main] INFO  Main - Archivo: C:\Users\alumno\Desktop\Modulos\2ºDAM\ProgSerProc\Unidad0\repasoJava\Ejercicio4\target\classes\META-INF\maven\psp\Ejercicio4\pom.properties
2026-10-05 12:36:36.483 [main] INFO  Main - Archivo: C:\Users\alumno\Desktop\Modulos\2ºDAM\ProgSerProc\Unidad0\repasoJava\Ejercicio4\target\classes\META-INF\maven\psp\Ejercicio4\pom.xml
2026-10-05 12:36:36.483 [main] INFO  Main - Archivo: C:\Users\alumno\Desktop\Modulos\2ºDAM\ProgSerProc\Unidad0\repasoJava\Ejercicio4\target\classes\Models\Cliente.class
2026-10-05 12:36:36.483 [main] INFO  Main - Archivo: C:\Users\alumno\Desktop\Modulos\2ºDAM\ProgSerProc\Unidad0\repasoJava\Ejercicio4\target\classes\Models\EnviadorSms.class
2026-10-05 12:36:36.483 [main] INFO  Main - Archivo: C:\Users\alumno\Desktop\Modulos\2ºDAM\ProgSerProc\Unidad0\repasoJava\Ejercicio4\target\classes\Models\Estado.class
2026-10-05 12:36:36.483 [main] INFO  Main - Archivo: C:\Users\alumno\Desktop\Modulos\2ºDAM\ProgSerProc\Unidad0\repasoJava\Ejercicio4\target\classes\Models\Notificador.class
2026-10-05 12:36:36.483 [main] INFO  Main - Archivo: C:\Users\alumno\Desktop\Modulos\2ºDAM\ProgSerProc\Unidad0\repasoJava\Ejercicio4\target\classes\Models\Pedido.class
2026-10-05 12:36:36.483 [main] INFO  Main - Archivo: C:\Users\alumno\Desktop\Modulos\2ºDAM\ProgSerProc\Unidad0\repasoJava\Ejercicio4\target\classes\Repository\RepoNotificador.class
2026-10-05 12:36:36.483 [main] INFO  Main - Archivo: C:\Users\alumno\Desktop\Modulos\2ºDAM\ProgSerProc\Unidad0\repasoJava\Ejercicio4\target\classes\Repository\RepoPedidos.class
2026-10-05 12:36:36.484 [main] INFO  Main - Archivo: C:\Users\alumno\Desktop\Modulos\2ºDAM\ProgSerProc\Unidad0\repasoJava\Ejercicio4\target\test-classes\log4j2.xml
2026-10-05 12:36:36.484 [main] INFO  Main - Archivo: C:\Users\alumno\Desktop\Modulos\2ºDAM\ProgSerProc\Unidad0\repasoJava\EjercicioEldenRing\.classpath
2026-10-05 12:36:36.484 [main] INFO  Main - Archivo: C:\Users\alumno\Desktop\Modulos\2ºDAM\ProgSerProc\Unidad0\repasoJava\EjercicioEldenRing\.gitignore
2026-10-05 12:36:36.484 [main] INFO  Main - Archivo: C:\Users\alumno\Desktop\Modulos\2ºDAM\ProgSerProc\Unidad0\repasoJava\EjercicioEldenRing\.project
2026-10-05 12:36:36.484 [main] INFO  Main - Archivo: C:\Users\alumno\Desktop\Modulos\2ºDAM\ProgSerProc\Unidad0\repasoJava\EjercicioEldenRing\.settings\org.eclipse.jdt.core.prefs
2026-10-05 12:36:36.484 [main] INFO  Main - Archivo: C:\Users\alumno\Desktop\Modulos\2ºDAM\ProgSerProc\Unidad0\repasoJava\EjercicioEldenRing\.settings\org.eclipse.m2e.core.prefs
2026-10-05 12:36:36.484 [main] INFO  Main - Archivo: C:\Users\alumno\Desktop\Modulos\2ºDAM\ProgSerProc\Unidad0\repasoJava\EjercicioEldenRing\pom.xml
2026-10-05 12:36:36.485 [main] INFO  Main - Archivo: C:\Users\alumno\Desktop\Modulos\2ºDAM\ProgSerProc\Unidad0\repasoJava\EjercicioEldenRing\src\main\java\Controller\GestionaEncuentrosSinLuz.java
2026-10-05 12:36:36.485 [main] INFO  Main - Archivo: C:\Users\alumno\Desktop\Modulos\2ºDAM\ProgSerProc\Unidad0\repasoJava\EjercicioEldenRing\src\main\java\Exceptions\EldenException.java
2026-10-05 12:36:36.485 [main] INFO  Main - Archivo: C:\Users\alumno\Desktop\Modulos\2ºDAM\ProgSerProc\Unidad0\repasoJava\EjercicioEldenRing\src\main\java\Models\Encuentro.java
2026-10-05 12:36:36.485 [main] INFO  Main - Archivo: C:\Users\alumno\Desktop\Modulos\2ºDAM\ProgSerProc\Unidad0\repasoJava\EjercicioEldenRing\src\main\java\Models\RegistroEldenRing.java
2026-10-05 12:36:36.485 [main] INFO  Main - Archivo: C:\Users\alumno\Desktop\Modulos\2ºDAM\ProgSerProc\Unidad0\repasoJava\EjercicioEldenRing\src\main\java\Repository\SinLuz.java
2026-10-05 12:36:36.486 [main] INFO  Main - Archivo: C:\Users\alumno\Desktop\Modulos\2ºDAM\ProgSerProc\Unidad0\repasoJava\EjercicioEldenRing\target\classes\Controller\GestionaEncuentrosSinLuz.class
2026-10-05 12:36:36.486 [main] INFO  Main - Archivo: C:\Users\alumno\Desktop\Modulos\2ºDAM\ProgSerProc\Unidad0\repasoJava\EjercicioEldenRing\target\classes\Exceptions\EldenException.class
2026-10-05 12:36:36.486 [main] INFO  Main - Archivo: C:\Users\alumno\Desktop\Modulos\2ºDAM\ProgSerProc\Unidad0\repasoJava\EjercicioEldenRing\target\classes\META-INF\MANIFEST.MF
2026-10-05 12:36:36.486 [main] INFO  Main - Archivo: C:\Users\alumno\Desktop\Modulos\2ºDAM\ProgSerProc\Unidad0\repasoJava\EjercicioEldenRing\target\classes\META-INF\maven\psp\EjercicioEldenRing\pom.properties
2026-10-05 12:36:36.486 [main] INFO  Main - Archivo: C:\Users\alumno\Desktop\Modulos\2ºDAM\ProgSerProc\Unidad0\repasoJava\EjercicioEldenRing\target\classes\META-INF\maven\psp\EjercicioEldenRing\pom.xml
2026-10-05 12:36:36.486 [main] INFO  Main - Archivo: C:\Users\alumno\Desktop\Modulos\2ºDAM\ProgSerProc\Unidad0\repasoJava\EjercicioEldenRing\target\classes\Models\Encuentro.class
2026-10-05 12:36:36.486 [main] INFO  Main - Archivo: C:\Users\alumno\Desktop\Modulos\2ºDAM\ProgSerProc\Unidad0\repasoJava\EjercicioEldenRing\target\classes\Models\RegistroEldenRing.class
2026-10-05 12:36:36.486 [main] INFO  Main - Archivo: C:\Users\alumno\Desktop\Modulos\2ºDAM\ProgSerProc\Unidad0\repasoJava\EjercicioEldenRing\target\classes\Repository\SinLuz.class
2026-10-05 12:36:36.486 [main] INFO  Main - Archivo: C:\Users\alumno\Desktop\Modulos\2ºDAM\ProgSerProc\Unidad0\repasoJava\Ficheros\.project
2026-10-05 12:36:36.488 [main] INFO  Main - Archivo: C:\Users\alumno\Desktop\Modulos\2ºDAM\ProgSerProc\Unidad0\repasoJava\Ficheros\fichero.txt
2026-10-05 12:36:36.488 [main] INFO  Main - Archivo: C:\Users\alumno\Desktop\Modulos\2ºDAM\ProgSerProc\Unidad1\ProgramacionConcurrente\Ejercicio1\.classpath
2026-10-05 12:36:36.488 [main] INFO  Main - Archivo: C:\Users\alumno\Desktop\Modulos\2ºDAM\ProgSerProc\Unidad1\ProgramacionConcurrente\Ejercicio1\.gitignore
2026-10-05 12:36:36.488 [main] INFO  Main - Archivo: C:\Users\alumno\Desktop\Modulos\2ºDAM\ProgSerProc\Unidad1\ProgramacionConcurrente\Ejercicio1\.project
2026-10-05 12:36:36.488 [main] INFO  Main - Archivo: C:\Users\alumno\Desktop\Modulos\2ºDAM\ProgSerProc\Unidad1\ProgramacionConcurrente\Ejercicio1\.settings\org.eclipse.jdt.core.prefs
2026-10-05 12:36:36.488 [main] INFO  Main - Archivo: C:\Users\alumno\Desktop\Modulos\2ºDAM\ProgSerProc\Unidad1\ProgramacionConcurrente\Ejercicio1\.settings\org.eclipse.m2e.core.prefs
2026-10-05 12:36:36.488 [main] INFO  Main - Archivo: C:\Users\alumno\Desktop\Modulos\2ºDAM\ProgSerProc\Unidad1\ProgramacionConcurrente\Ejercicio1\pom.xml
2026-10-05 12:36:36.489 [main] INFO  Main - Archivo: C:\Users\alumno\Desktop\Modulos\2ºDAM\ProgSerProc\Unidad1\ProgramacionConcurrente\Ejercicio1\src\main\java\Main.java
2026-10-05 12:36:36.489 [main] INFO  Main - Archivo: C:\Users\alumno\Desktop\Modulos\2ºDAM\ProgSerProc\Unidad1\ProgramacionConcurrente\Ejercicio1\target\classes\Main.class
2026-10-05 12:36:36.490 [main] INFO  Main - Archivo: C:\Users\alumno\Desktop\Modulos\2ºDAM\ProgSerProc\Unidad1\ProgramacionConcurrente\Ejercicio1\target\classes\META-INF\MANIFEST.MF
2026-10-05 12:36:36.490 [main] INFO  Main - Archivo: C:\Users\alumno\Desktop\Modulos\2ºDAM\ProgSerProc\Unidad1\ProgramacionConcurrente\Ejercicio1\target\classes\META-INF\maven\psp\Ejercicio1\pom.properties
2026-10-05 12:36:36.490 [main] INFO  Main - Archivo: C:\Users\alumno\Desktop\Modulos\2ºDAM\ProgSerProc\Unidad1\ProgramacionConcurrente\Ejercicio1\target\classes\META-INF\maven\psp\Ejercicio1\pom.xml
